// Jest Snapshot v1, https://goo.gl/fbAQLP

exports[`filter actions:  searchTodo 1`] = `
Object {
  "payload": "test",
  "type": "SEARCH_TODO",
}
`;
